// Jest Snapshot v1, https://goo.gl/fbAQLP

exports[`channel create basic 1`] = `
Map {
  "bafyreig37dvvuskqmxp4kwepintuzx6augjzadvhavqo33aoreoqelan5e" => Block {
    "asBlock": [Circular],
    "bytes": Object {
      "data": Array [
        164,
        98,
        114,
        120,
        162,
        102,
        115,
        121,
        115,
        116,
        101,
        109,
        162,
        109,
        114,
        101,
        112,
        108,
        105,
        101,
        115,
        82,
        101,
        109,
        97,
        105,
        110,
        0,
        110,
        114,
        101,
        113,
        117,
        101,
        115,
        116,
        115,
        82,
        101,
        109,
        97,
        105,
        110,
        0,
        103,
        114,
        101,
        100,
        117,
        99,
        101,
        114,
        162,
        109,
        114,
        101,
        112,
        108,
        105,
        101,
        115,
        82,
        101,
        109,
        97,
        105,
        110,
        0,
        110,
        114,
        101,
        113,
        117,
        101,
        115,
        116,
        115,
        82,
        101,
        109,
        97,
        105,
        110,
        0,
        98,
        116,
        120,
        216,
        42,
        88,
        37,
        0,
        1,
        113,
        18,
        32,
        175,
        189,
        1,
        115,
        192,
        184,
        146,
        235,
        84,
        223,
        36,
        205,
        207,
        76,
        39,
        120,
        116,
        195,
        77,
        124,
        209,
        91,
        205,
        108,
        137,
        226,
        50,
        102,
        38,
        25,
        184,
        115,
        103,
        97,
        100,
        100,
        114,
        101,
        115,
        115,
        160,
        103,
        97,
        108,
        105,
        97,
        115,
        101,
        115,
        128,
      ],
      "type": "Buffer",
    },
    "cid": Object {
      "code": 113,
      "hash": Uint8Array [
        18,
        32,
        219,
        248,
        235,
        90,
        73,
        80,
        101,
        223,
        197,
        88,
        143,
        67,
        103,
        76,
        223,
        192,
        161,
        147,
        144,
        14,
        167,
        5,
        96,
        237,
        236,
        14,
        137,
        29,
        2,
        44,
        13,
        233,
      ],
      "version": 1,
    },
    "value": Object {
      "address": Address {},
      "aliases": Array [],
      "rx": Rx {
        "reducer": RxRemaining {
          "repliesRemain": 0,
          "requestsRemain": 0,
        },
        "system": RxRemaining {
          "repliesRemain": 0,
          "requestsRemain": 0,
        },
      },
      "tx": Object {
        "code": 113,
        "hash": Uint8Array [
          18,
          32,
          175,
          189,
          1,
          115,
          192,
          184,
          146,
          235,
          84,
          223,
          36,
          205,
          207,
          76,
          39,
          120,
          116,
          195,
          77,
          124,
          209,
          91,
          205,
          108,
          137,
          226,
          50,
          102,
          38,
          25,
          184,
          115,
        ],
        "version": 1,
      },
    },
  },
  "bafyreifpxuaxhqfyslvvjxzezxhuyj3yotbu27grlpgwzcpcgjtcmgnyom" => Block {
    "asBlock": [Circular],
    "bytes": Object {
      "data": Array [
        162,
        102,
        115,
        121,
        115,
        116,
        101,
        109,
        166,
        103,
        114,
        101,
        112,
        108,
        105,
        101,
        115,
        128,
        104,
        114,
        101,
        113,
        117,
        101,
        115,
        116,
        115,
        128,
        107,
        112,
        114,
        111,
        109,
        105,
        115,
        101,
        100,
        73,
        100,
        115,
        128,
        108,
        114,
        101,
        112,
        108,
        105,
        101,
        115,
        83,
        116,
        97,
        114,
        116,
        0,
        109,
        114,
        101,
        113,
        117,
        101,
        115,
        116,
        115,
        83,
        116,
        97,
        114,
        116,
        0,
        111,
        112,
        114,
        111,
        109,
        105,
        115,
        101,
        100,
        82,
        101,
        112,
        108,
        105,
        101,
        115,
        128,
        103,
        114,
        101,
        100,
        117,
        99,
        101,
        114,
        166,
        103,
        114,
        101,
        112,
        108,
        105,
        101,
        115,
        128,
        104,
        114,
        101,
        113,
        117,
        101,
        115,
        116,
        115,
        128,
        107,
        112,
        114,
        111,
        109,
        105,
        115,
        101,
        100,
        73,
        100,
        115,
        128,
        108,
        114,
        101,
        112,
        108,
        105,
        101,
        115,
        83,
        116,
        97,
        114,
        116,
        0,
        109,
        114,
        101,
        113,
        117,
        101,
        115,
        116,
        115,
        83,
        116,
        97,
        114,
        116,
        0,
        111,
        112,
        114,
        111,
        109,
        105,
        115,
        101,
        100,
        82,
        101,
        112,
        108,
        105,
        101,
        115,
        128,
      ],
      "type": "Buffer",
    },
    "cid": Object {
      "code": 113,
      "hash": Uint8Array [
        18,
        32,
        175,
        189,
        1,
        115,
        192,
        184,
        146,
        235,
        84,
        223,
        36,
        205,
        207,
        76,
        39,
        120,
        116,
        195,
        77,
        124,
        209,
        91,
        205,
        108,
        137,
        226,
        50,
        102,
        38,
        25,
        184,
        115,
      ],
      "version": 1,
    },
    "value": Object {
      "reducer": TxQueue {
        "promisedIds": Array [],
        "promisedReplies": Array [],
        "replies": Array [],
        "repliesStart": 0,
        "requests": Array [],
        "requestsStart": 0,
      },
      "system": TxQueue {
        "promisedIds": Array [],
        "promisedReplies": Array [],
        "replies": Array [],
        "repliesStart": 0,
        "requests": Array [],
        "requestsStart": 0,
      },
    },
  },
}
`;
