// Jest Snapshot v1, https://goo.gl/fbAQLP

exports[`provenance basic 1`] = `
[
  "bafyreigjgi3vf3ra36lt5g2wy4kyjz3yjidw42cugyu62c46o7eacy5zbe",
  "bafyreiciavtdqojmryr4xb6ikuovrgkc5w5hau7gmlnyjzlipjizttsdfi",
  "bafyreigurnbmacoa6vokasdxnhknxmjf2jj3vzujitejowaeq3ihna5zxm",
]
`;

exports[`provenance basic 2`] = `
[
  {
    "address": {
      "/": "QmZTKF2kuFHy8isKWXpNeNa5zjeJwsHUbPbTNF1fS8HkpB",
    },
    "dmz": {
      "/": "bafyreihnc7da2y6o34x4xfor6xx23rap4ht2kiyzkydmvbitzpbrumr6bq",
    },
    "lineages": [],
    "states": "TODO",
    "turnovers": "TODO",
    "validators": {
      "/": "bafyreiciavtdqojmryr4xb6ikuovrgkc5w5hau7gmlnyjzlipjizttsdfi",
    },
  },
  {
    "publicKeys": [
      {
        "/": "bafyreigurnbmacoa6vokasdxnhknxmjf2jj3vzujitejowaeq3ihna5zxm",
      },
    ],
    "quorumThreshold": 1,
  },
  {
    "algorithm": "Secp256k1",
    "key": "puEKUvWNGow9H4HtyXKxEWoaERpZ9BzKV9jt2Tx8FBys",
    "name": "CI",
  },
]
`;
