// Jest Snapshot v1, https://goo.gl/fbAQLP

exports[`provenance basic 1`] = `
[
  "bafyreiaujlybdkncezfj7vqob7qnrn345j5ur5utx5rktaeihv74r54fjm",
  "bafyreiciavtdqojmryr4xb6ikuovrgkc5w5hau7gmlnyjzlipjizttsdfi",
  "bafyreigurnbmacoa6vokasdxnhknxmjf2jj3vzujitejowaeq3ihna5zxm",
]
`;

exports[`provenance basic 2`] = `
[
  {
    "address": {
      "/": "QmZTKF2kuFHy8isKWXpNeNa5zjeJwsHUbPbTNF1fS8HkpB",
    },
    "dmz": {
      "/": "bafyreibrj5vwnz5s7fb5o72j33ognf4rknylxvjlijrs4zk7sensb55ldm",
    },
    "lineages": [],
    "states": "TODO",
    "turnovers": "TODO",
    "validators": {
      "/": "bafyreiciavtdqojmryr4xb6ikuovrgkc5w5hau7gmlnyjzlipjizttsdfi",
    },
  },
  {
    "publicKeys": [
      {
        "/": "bafyreigurnbmacoa6vokasdxnhknxmjf2jj3vzujitejowaeq3ihna5zxm",
      },
    ],
    "quorumThreshold": 1,
  },
  {
    "algorithm": "Secp256k1",
    "key": "puEKUvWNGow9H4HtyXKxEWoaERpZ9BzKV9jt2Tx8FBys",
    "name": "CI",
  },
]
`;
