// Jest Snapshot v1, https://goo.gl/fbAQLP

exports[`Crisp with preload reconciles diffs 1`] = `
[
  "about",
  "account",
  "customers",
  "routing",
  "schedules",
  "settings",
]
`;

exports[`Crisp with preload wd is rooted in path 1`] = `
[
  "about",
  "account",
  "customers",
  "routing",
  "schedules",
  "settings",
]
`;
