// Jest Snapshot v1, https://goo.gl/fbAQLP

exports[`dmzReducer spawn spawn is implicitly awaited 1`] = `
Channel {
  "address": Address {},
  "aliases": [
    "child1",
  ],
  "channelId": 3,
  "rx": Rx {
    "latest": PulseLink {},
    "reducer": RxQueue {
      "promisedReplies": [],
      "promisedRequestIds": [],
      "replies": [],
      "repliesLength": 1,
      "requests": [],
      "requestsLength": 0,
    },
    "system": RxQueue {
      "promisedReplies": [],
      "promisedRequestIds": [],
      "replies": [],
      "repliesLength": 1,
      "requests": [],
      "requestsLength": 0,
    },
    "tip": HistoricalPulseLink {},
  },
  "tx": Tx {
    "precedent": HistoricalPulseLink {},
    "reducer": TxQueue {
      "promisedReplies": [],
      "promisedRequestIds": [],
      "replies": [],
      "repliesLength": 0,
      "requests": [],
      "requestsLength": 1,
    },
    "system": TxQueue {
      "promisedReplies": [],
      "promisedRequestIds": [],
      "replies": [],
      "repliesLength": 0,
      "requests": [],
      "requestsLength": 1,
    },
  },
}
`;
