// Jest Snapshot v1, https://goo.gl/fbAQLP

exports[`dmzReducer spawn spawn is implicitly awaited 1`] = `
Channel {
  "address": Address {},
  "aliases": Array [
    "child1",
  ],
  "channelId": 3,
  "rx": Rx {
    "reducer": RxQueue {
      "promisedReplies": Array [],
      "promisedRequestIds": Array [],
      "replies": Array [],
      "repliesLength": 1,
      "requests": Array [],
      "requestsLength": 0,
    },
    "system": RxQueue {
      "promisedReplies": Array [],
      "promisedRequestIds": Array [],
      "replies": Array [],
      "repliesLength": 1,
      "requests": Array [],
      "requestsLength": 0,
    },
    "tip": PulseLink {},
  },
  "tx": Tx {
    "precedent": PulseLink {},
    "reducer": TxQueue {
      "promisedReplies": Array [],
      "promisedRequestIds": Array [],
      "replies": Array [],
      "repliesLength": 0,
      "requests": Array [],
      "requestsLength": 1,
    },
    "system": TxQueue {
      "promisedReplies": Array [],
      "promisedRequestIds": Array [],
      "replies": Array [],
      "repliesLength": 0,
      "requests": Array [],
      "requestsLength": 1,
    },
  },
}
`;
