// Jest Snapshot v1, https://goo.gl/fbAQLP

exports[`spawn basic 1`] = `
AsyncTrail {
  "origin": RxRequest {
    "request": Request {
      "payload": Object {
        "spawnOptions": Object {},
      },
      "type": "@@SPAWN",
    },
    "requestId": RequestId {
      "channelId": 0,
      "requestIndex": 0,
      "stream": "reducer",
    },
  },
  "reply": Reply {
    "payload": Object {
      "alias": "file_00001",
      "chainId": "QmTCDsB4dvHKRPnJNC9s3g8U1J6JuXpGCcaw5W7mqjFg1Z",
    },
    "type": "@@RESOLVE",
  },
  "settles": Array [
    AsyncRequest {
      "request": Request {
        "payload": Object {
          "alias": "",
          "spawnOptions": Object {},
        },
        "type": "@@ADD_CHILD",
      },
      "requestId": RequestId {
        "channelId": 0,
        "requestIndex": 1,
        "stream": "reducer",
      },
      "settled": Reply {
        "payload": Object {
          "alias": "file_00001",
          "chainId": "QmTCDsB4dvHKRPnJNC9s3g8U1J6JuXpGCcaw5W7mqjFg1Z",
          "entropy": "EiD1qt/osfoIBnwZup1m2BjAGzG/uIWduhXz5P2pO9hVSA",
        },
        "type": "@@RESOLVE",
      },
      "to": ".",
    },
    AsyncRequest {
      "request": Request {
        "payload": Object {
          "spawnOptions": Object {
            "config": Object {
              "entropy": "EiD1qt/osfoIBnwZup1m2BjAGzG/uIWduhXz5P2pO9hVSA",
            },
          },
        },
        "type": "@@GENESIS",
      },
      "requestId": RequestId {
        "channelId": 0,
        "requestIndex": 0,
        "stream": "reducer",
      },
      "settled": Reply {
        "payload": Object {},
        "type": "@@RESOLVE",
      },
      "to": "file_00001",
    },
  ],
  "txs": Array [],
}
`;
