// Jest Snapshot v1, https://goo.gl/fbAQLP

exports[`spawn basic 1`] = `
AsyncTrail {
  "origin": RxRequest {
    "request": Request {
      "payload": Object {
        "spawnOptions": Object {},
      },
      "type": "@@SPAWN",
    },
    "requestId": RequestId {
      "channelId": 0,
      "requestIndex": 0,
      "stream": "reducer",
    },
  },
  "reply": Reply {
    "payload": Object {
      "alias": "file_00001",
      "chainId": "QmSZeGpyifh7CqWWoDkVWDDoYkTzp2kiGA7MzhPdWMsRW2",
    },
    "type": "@@RESOLVE",
  },
  "settles": Array [
    AsyncRequest {
      "request": Request {
        "payload": Object {
          "alias": "",
          "spawnOptions": Object {},
        },
        "type": "@@ADD_CHILD",
      },
      "requestId": RequestId {
        "channelId": 0,
        "requestIndex": 1,
        "stream": "reducer",
      },
      "settled": Reply {
        "payload": Object {
          "alias": "file_00001",
          "chainId": "QmSZeGpyifh7CqWWoDkVWDDoYkTzp2kiGA7MzhPdWMsRW2",
        },
        "type": "@@RESOLVE",
      },
      "to": ".",
    },
    AsyncRequest {
      "request": Request {
        "payload": Object {
          "spawnOptions": Object {},
        },
        "type": "@@GENESIS",
      },
      "requestId": RequestId {
        "channelId": 0,
        "requestIndex": 0,
        "stream": "reducer",
      },
      "settled": Reply {
        "payload": Object {},
        "type": "@@RESOLVE",
      },
      "to": "file_00001",
    },
  ],
  "txs": Array [],
}
`;
