// Jest Snapshot v1, https://goo.gl/fbAQLP

exports[`spawn basic 1`] = `
AsyncTrail {
  "origin": RxRequest {
    "request": Request {
      "payload": {
        "installer": {},
      },
      "type": "@@SPAWN",
    },
    "requestId": RequestId {
      "channelId": 0,
      "requestIndex": 0,
      "stream": "reducer",
    },
  },
  "reply": Reply {
    "payload": {
      "alias": "0",
      "chainId": "QmcdLhJs6aHUvcXUjvY2HBsYRCjM9F24AHeF36cTXi1JKB",
    },
    "type": "@@RESOLVE",
  },
  "settles": [
    AsyncRequest {
      "request": Request {
        "payload": {
          "alias": "",
          "installer": {},
        },
        "type": "@@ADD_CHILD",
      },
      "requestId": RequestId {
        "channelId": 0,
        "requestIndex": 1,
        "stream": "reducer",
      },
      "settled": Reply {
        "payload": {
          "alias": "0",
          "chainId": "QmcdLhJs6aHUvcXUjvY2HBsYRCjM9F24AHeF36cTXi1JKB",
          "entropy": "EiD1qt/osfoIBnwZup1m2BjAGzG/uIWduhXz5P2pO9hVSA",
        },
        "type": "@@RESOLVE",
      },
      "to": ".",
    },
    AsyncRequest {
      "request": Request {
        "payload": {
          "installer": {
            "config": {
              "entropy": "EiD1qt/osfoIBnwZup1m2BjAGzG/uIWduhXz5P2pO9hVSA",
            },
          },
        },
        "type": "@@GENESIS",
      },
      "requestId": RequestId {
        "channelId": 0,
        "requestIndex": 0,
        "stream": "reducer",
      },
      "settled": Reply {
        "payload": {},
        "type": "@@RESOLVE",
      },
      "to": "0",
    },
  ],
  "txs": [],
}
`;
