// Jest Snapshot v1, https://goo.gl/fbAQLP

exports[`callsites basics nested parallel hooks do not collide 1`] = `
Array [
  Reduction {
    "txs": Array [
      PendingRequest {
        "request": Request {
          "payload": Object {},
          "type": "id: 0 depth: 4",
        },
        "to": ".",
      },
      PendingRequest {
        "request": Request {
          "payload": Object {},
          "type": "id: 0 depth: 3",
        },
        "to": ".",
      },
      PendingRequest {
        "request": Request {
          "payload": Object {},
          "type": "id: 0 depth: 2",
        },
        "to": ".",
      },
      PendingRequest {
        "request": Request {
          "payload": Object {},
          "type": "id: 0 depth: 1",
        },
        "to": ".",
      },
    ],
  },
  Reduction {
    "txs": Array [
      PendingRequest {
        "request": Request {
          "payload": Object {},
          "type": "id: 1 depth: 5",
        },
        "to": ".",
      },
      PendingRequest {
        "request": Request {
          "payload": Object {},
          "type": "id: 1 depth: 4",
        },
        "to": ".",
      },
      PendingRequest {
        "request": Request {
          "payload": Object {},
          "type": "id: 1 depth: 3",
        },
        "to": ".",
      },
      PendingRequest {
        "request": Request {
          "payload": Object {},
          "type": "id: 1 depth: 2",
        },
        "to": ".",
      },
      PendingRequest {
        "request": Request {
          "payload": Object {},
          "type": "id: 1 depth: 1",
        },
        "to": ".",
      },
    ],
  },
  Reduction {
    "txs": Array [
      PendingRequest {
        "request": Request {
          "payload": Object {},
          "type": "id: 2 depth: 6",
        },
        "to": ".",
      },
      PendingRequest {
        "request": Request {
          "payload": Object {},
          "type": "id: 2 depth: 5",
        },
        "to": ".",
      },
      PendingRequest {
        "request": Request {
          "payload": Object {},
          "type": "id: 2 depth: 4",
        },
        "to": ".",
      },
      PendingRequest {
        "request": Request {
          "payload": Object {},
          "type": "id: 2 depth: 3",
        },
        "to": ".",
      },
      PendingRequest {
        "request": Request {
          "payload": Object {},
          "type": "id: 2 depth: 2",
        },
        "to": ".",
      },
      PendingRequest {
        "request": Request {
          "payload": Object {},
          "type": "id: 2 depth: 1",
        },
        "to": ".",
      },
    ],
  },
  Reduction {
    "txs": Array [
      PendingRequest {
        "request": Request {
          "payload": Object {},
          "type": "id: 3 depth: 7",
        },
        "to": ".",
      },
      PendingRequest {
        "request": Request {
          "payload": Object {},
          "type": "id: 3 depth: 6",
        },
        "to": ".",
      },
      PendingRequest {
        "request": Request {
          "payload": Object {},
          "type": "id: 3 depth: 5",
        },
        "to": ".",
      },
      PendingRequest {
        "request": Request {
          "payload": Object {},
          "type": "id: 3 depth: 4",
        },
        "to": ".",
      },
      PendingRequest {
        "request": Request {
          "payload": Object {},
          "type": "id: 3 depth: 3",
        },
        "to": ".",
      },
      PendingRequest {
        "request": Request {
          "payload": Object {},
          "type": "id: 3 depth: 2",
        },
        "to": ".",
      },
      PendingRequest {
        "request": Request {
          "payload": Object {},
          "type": "id: 3 depth: 1",
        },
        "to": ".",
      },
    ],
  },
]
`;

exports[`callsites with accumulator single await 1`] = `
PendingRequest {
  "request": Request {
    "payload": Object {},
    "type": "single",
  },
  "to": ".",
}
`;
